// Jest Snapshot v1, https://goo.gl/fbAQLP

exports[`should render Expense component dynamically 1`] = `
<div>
  <div
    className="expenses"
  >
    <ListItem
      className="hello"
      description="Hello"
      id={1}
      key="1"
    />
    <ListItem
      className="hello"
      description="Testing"
      id={2}
      key="2"
    />
  </div>
</div>
`;

exports[`test result at class expenses 1`] = `
<div>
  <div
    className="expenses"
  >
    <p>
      Nothing
    </p>
  </div>
</div>
`;
